// Jest Snapshot v1, https://goo.gl/fbAQLP

exports[`renders card component 1`] = `null`;
